2026-04-04T00:47:17.946219+00:00 | 99999 |  | SIGTERM | False | runner
2026-04-04T00:47:17.947497+00:00 | 200 | defunct | SIGTERM | False | runner
2026-04-04T00:47:17.949073+00:00 | 123 | myproc | SIGTERM | True | runner
2026-04-04T00:47:17.950774+00:00 | 123 | myproc | SIGKILL | True | runner
2026-04-04T00:47:17.952435+00:00 | 1 | root_proc | SIGKILL | False | runner
2026-04-04T00:47:17.954543+00:00 | 999 | gone | SIGTERM | False | runner
2026-04-04T00:47:17.966948+00:00 | 1 | daemon | SIGTERM | True | runner
2026-04-04T00:47:17.968689+00:00 | 500 | longdaemon | SIGTERM | True | runner
2026-04-04T00:47:17.970353+00:00 | 600 | shell | SIGTERM | True | runner
2026-04-04T00:47:17.971902+00:00 | 42 | testproc | SIGTERM | True | runner
2026-04-04T00:47:22.171698+00:00 | 99999 |  | SIGTERM | False | runner
2026-04-04T00:47:22.172906+00:00 | 200 | defunct | SIGTERM | False | runner
2026-04-04T00:47:22.174456+00:00 | 123 | myproc | SIGTERM | True | runner
2026-04-04T00:47:22.176613+00:00 | 123 | myproc | SIGKILL | True | runner
2026-04-04T00:47:22.178304+00:00 | 1 | root_proc | SIGKILL | False | runner
2026-04-04T00:47:22.179852+00:00 | 999 | gone | SIGTERM | False | runner
2026-04-04T00:47:22.181485+00:00 | 1 | daemon | SIGTERM | True | runner
2026-04-04T00:47:22.183098+00:00 | 500 | longdaemon | SIGTERM | True | runner
2026-04-04T00:47:22.184753+00:00 | 600 | shell | SIGTERM | True | runner
2026-04-04T00:47:22.186372+00:00 | 42 | testproc | SIGTERM | True | runner
2026-04-04T00:47:26.461301+00:00 | 99999 |  | SIGTERM | False | runner
2026-04-04T00:47:26.462539+00:00 | 200 | defunct | SIGTERM | False | runner
2026-04-04T00:47:26.464636+00:00 | 123 | myproc | SIGTERM | True | runner
2026-04-04T00:47:26.466287+00:00 | 123 | myproc | SIGKILL | True | runner
2026-04-04T00:47:26.467963+00:00 | 1 | root_proc | SIGKILL | False | runner
2026-04-04T00:47:26.469514+00:00 | 999 | gone | SIGTERM | False | runner
2026-04-04T00:47:26.471095+00:00 | 1 | daemon | SIGTERM | True | runner
2026-04-04T00:47:26.472706+00:00 | 500 | longdaemon | SIGTERM | True | runner
2026-04-04T00:47:26.474354+00:00 | 600 | shell | SIGTERM | True | runner
2026-04-04T00:47:26.475993+00:00 | 42 | testproc | SIGTERM | True | runner
2026-04-04T00:50:13.126139+00:00 | 99999 |  | SIGTERM | False | runner
2026-04-04T00:50:13.127190+00:00 | 200 | defunct | SIGTERM | False | runner
2026-04-04T00:50:13.129193+00:00 | 123 | myproc | SIGTERM | True | runner
2026-04-04T00:50:13.130803+00:00 | 123 | myproc | SIGKILL | True | runner
2026-04-04T00:50:13.132427+00:00 | 1 | root_proc | SIGKILL | False | runner
2026-04-04T00:50:13.134012+00:00 | 999 | gone | SIGTERM | False | runner
2026-04-04T00:50:13.135505+00:00 | 1 | daemon | SIGTERM | True | runner
2026-04-04T00:50:13.137090+00:00 | 500 | longdaemon | SIGTERM | True | runner
2026-04-04T00:50:13.138699+00:00 | 600 | shell | SIGTERM | True | runner
2026-04-04T00:50:13.140311+00:00 | 42 | testproc | SIGTERM | True | runner
2026-04-04T00:50:17.632660+00:00 | 99999 |  | SIGTERM | False | runner
2026-04-04T00:50:17.633777+00:00 | 200 | defunct | SIGTERM | False | runner
2026-04-04T00:50:17.635336+00:00 | 123 | myproc | SIGTERM | True | runner
2026-04-04T00:50:17.637443+00:00 | 123 | myproc | SIGKILL | True | runner
2026-04-04T00:50:17.639084+00:00 | 1 | root_proc | SIGKILL | False | runner
2026-04-04T00:50:17.640660+00:00 | 999 | gone | SIGTERM | False | runner
2026-04-04T00:50:17.642256+00:00 | 1 | daemon | SIGTERM | True | runner
2026-04-04T00:50:17.643803+00:00 | 500 | longdaemon | SIGTERM | True | runner
2026-04-04T00:50:17.645442+00:00 | 600 | shell | SIGTERM | True | runner
2026-04-04T00:50:17.647026+00:00 | 42 | testproc | SIGTERM | True | runner
2026-04-04T00:52:04.153307+00:00 | 99999 |  | SIGTERM | False | runner
2026-04-04T00:52:04.154567+00:00 | 200 | defunct | SIGTERM | False | runner
2026-04-04T00:52:04.156133+00:00 | 123 | myproc | SIGTERM | True | runner
2026-04-04T00:52:04.158297+00:00 | 123 | myproc | SIGKILL | True | runner
2026-04-04T00:52:04.159946+00:00 | 1 | root_proc | SIGKILL | False | runner
2026-04-04T00:52:04.161555+00:00 | 999 | gone | SIGTERM | False | runner
2026-04-04T00:52:04.163154+00:00 | 1 | daemon | SIGTERM | True | runner
2026-04-04T00:52:04.164774+00:00 | 500 | longdaemon | SIGTERM | True | runner
2026-04-04T00:52:04.166410+00:00 | 600 | shell | SIGTERM | True | runner
2026-04-04T00:52:04.167986+00:00 | 42 | testproc | SIGTERM | True | runner
2026-04-04T00:59:37.334204+00:00 | 99999 |  | SIGTERM | False | runner
2026-04-04T00:59:37.335382+00:00 | 200 | defunct | SIGTERM | False | runner
2026-04-04T00:59:37.336976+00:00 | 123 | myproc | SIGTERM | True | runner
2026-04-04T00:59:37.338688+00:00 | 123 | myproc | SIGKILL | True | runner
2026-04-04T00:59:37.340391+00:00 | 1 | root_proc | SIGKILL | False | runner
2026-04-04T00:59:37.341968+00:00 | 999 | gone | SIGTERM | False | runner
2026-04-04T00:59:37.343583+00:00 | 1 | daemon | SIGTERM | True | runner
2026-04-04T00:59:37.345163+00:00 | 500 | longdaemon | SIGTERM | True | runner
2026-04-04T00:59:37.347528+00:00 | 600 | shell | SIGTERM | True | runner
2026-04-04T00:59:37.359409+00:00 | 42 | testproc | SIGTERM | True | runner
